/home/enis/workSpace/IQ-Yazilim/MusteriyeGonderilenKod_v00/IQ_Project-main_Ase8bZz/IQ_Project-main/Gateway_v0.1/SubGHz_Phy_PingPong/Drivers/BSP/STM32WLxx_Nucleo/stm32wlxx_nucleo_radio.c:46:9:BSP_RADIO_Init	56	static
/home/enis/workSpace/IQ-Yazilim/MusteriyeGonderilenKod_v00/IQ_Project-main_Ase8bZz/IQ_Project-main/Gateway_v0.1/SubGHz_Phy_PingPong/Drivers/BSP/STM32WLxx_Nucleo/stm32wlxx_nucleo_radio.c:74:9:BSP_RADIO_DeInit	16	static
/home/enis/workSpace/IQ-Yazilim/MusteriyeGonderilenKod_v00/IQ_Project-main_Ase8bZz/IQ_Project-main/Gateway_v0.1/SubGHz_Phy_PingPong/Drivers/BSP/STM32WLxx_Nucleo/stm32wlxx_nucleo_radio.c:99:9:BSP_RADIO_ConfigRFSwitch	8	static
/home/enis/workSpace/IQ-Yazilim/MusteriyeGonderilenKod_v00/IQ_Project-main_Ase8bZz/IQ_Project-main/Gateway_v0.1/SubGHz_Phy_PingPong/Drivers/BSP/STM32WLxx_Nucleo/stm32wlxx_nucleo_radio.c:145:9:BSP_RADIO_GetTxConfig	0	static
/home/enis/workSpace/IQ-Yazilim/MusteriyeGonderilenKod_v00/IQ_Project-main_Ase8bZz/IQ_Project-main/Gateway_v0.1/SubGHz_Phy_PingPong/Drivers/BSP/STM32WLxx_Nucleo/stm32wlxx_nucleo_radio.c:157:9:BSP_RADIO_IsTCXO	0	static
/home/enis/workSpace/IQ-Yazilim/MusteriyeGonderilenKod_v00/IQ_Project-main_Ase8bZz/IQ_Project-main/Gateway_v0.1/SubGHz_Phy_PingPong/Drivers/BSP/STM32WLxx_Nucleo/stm32wlxx_nucleo_radio.c:169:9:BSP_RADIO_IsDCDC	0	static
/home/enis/workSpace/IQ-Yazilim/MusteriyeGonderilenKod_v00/IQ_Project-main_Ase8bZz/IQ_Project-main/Gateway_v0.1/SubGHz_Phy_PingPong/Drivers/BSP/STM32WLxx_Nucleo/stm32wlxx_nucleo_radio.c:180:9:BSP_RADIO_GetRFOMaxPowerConfig	0	static
