/home/enis/workSpace/IQ-Yazilim/MusteriyeGonderilenKod_v00/IQ_Project-main_Ase8bZz/IQ_Project-main/Gateway_v0.1/SubGHz_Phy_PingPong/SubGHz_Phy/Target/radio_board_if.c:59:9:RBI_Init	8	static
/home/enis/workSpace/IQ-Yazilim/MusteriyeGonderilenKod_v00/IQ_Project-main_Ase8bZz/IQ_Project-main/Gateway_v0.1/SubGHz_Phy_PingPong/SubGHz_Phy/Target/radio_board_if.c:85:9:RBI_DeInit	8	static
/home/enis/workSpace/IQ-Yazilim/MusteriyeGonderilenKod_v00/IQ_Project-main_Ase8bZz/IQ_Project-main/Gateway_v0.1/SubGHz_Phy_PingPong/SubGHz_Phy/Target/radio_board_if.c:111:9:RBI_ConfigRFSwitch	8	static
/home/enis/workSpace/IQ-Yazilim/MusteriyeGonderilenKod_v00/IQ_Project-main_Ase8bZz/IQ_Project-main/Gateway_v0.1/SubGHz_Phy_PingPong/SubGHz_Phy/Target/radio_board_if.c:138:9:RBI_GetTxConfig	8	static
/home/enis/workSpace/IQ-Yazilim/MusteriyeGonderilenKod_v00/IQ_Project-main_Ase8bZz/IQ_Project-main/Gateway_v0.1/SubGHz_Phy_PingPong/SubGHz_Phy/Target/radio_board_if.c:164:9:RBI_IsTCXO	8	static
/home/enis/workSpace/IQ-Yazilim/MusteriyeGonderilenKod_v00/IQ_Project-main_Ase8bZz/IQ_Project-main/Gateway_v0.1/SubGHz_Phy_PingPong/SubGHz_Phy/Target/radio_board_if.c:190:9:RBI_IsDCDC	8	static
/home/enis/workSpace/IQ-Yazilim/MusteriyeGonderilenKod_v00/IQ_Project-main_Ase8bZz/IQ_Project-main/Gateway_v0.1/SubGHz_Phy_PingPong/SubGHz_Phy/Target/radio_board_if.c:216:9:RBI_GetRFOMaxPowerConfig	8	static
