/home/enis/workSpace/IQ-Yazilim/MusteriyeGonderilenKod_v00/IQ_Project-main_Ase8bZz/IQ_Project-main/Gateway_v0.1/SubGHz_Phy_PingPong/SubGHz_Phy/App/subghz_phy_app.c:1193:16:CalculateCRC8	4	static
/home/enis/workSpace/IQ-Yazilim/MusteriyeGonderilenKod_v00/IQ_Project-main_Ase8bZz/IQ_Project-main/Gateway_v0.1/SubGHz_Phy_PingPong/SubGHz_Phy/App/subghz_phy_app.c:572:13:OnRxError	8	static
/home/enis/workSpace/IQ-Yazilim/MusteriyeGonderilenKod_v00/IQ_Project-main_Ase8bZz/IQ_Project-main/Gateway_v0.1/SubGHz_Phy_PingPong/SubGHz_Phy/App/subghz_phy_app.c:559:13:OnRxTimeout	8	static
/home/enis/workSpace/IQ-Yazilim/MusteriyeGonderilenKod_v00/IQ_Project-main_Ase8bZz/IQ_Project-main/Gateway_v0.1/SubGHz_Phy_PingPong/SubGHz_Phy/App/subghz_phy_app.c:543:13:OnTxTimeout	8	static
/home/enis/workSpace/IQ-Yazilim/MusteriyeGonderilenKod_v00/IQ_Project-main_Ase8bZz/IQ_Project-main/Gateway_v0.1/SubGHz_Phy_PingPong/SubGHz_Phy/App/subghz_phy_app.c:434:13:OnTxDone	8	static
/home/enis/workSpace/IQ-Yazilim/MusteriyeGonderilenKod_v00/IQ_Project-main_Ase8bZz/IQ_Project-main/Gateway_v0.1/SubGHz_Phy_PingPong/SubGHz_Phy/App/subghz_phy_app.c:1232:13:ProcessNodeConfigVersion	24	static
/home/enis/workSpace/IQ-Yazilim/MusteriyeGonderilenKod_v00/IQ_Project-main_Ase8bZz/IQ_Project-main/Gateway_v0.1/SubGHz_Phy_PingPong/SubGHz_Phy/App/subghz_phy_app.c:986:13:UpdateGatewayConfig	16	static
/home/enis/workSpace/IQ-Yazilim/MusteriyeGonderilenKod_v00/IQ_Project-main_Ase8bZz/IQ_Project-main/Gateway_v0.1/SubGHz_Phy_PingPong/SubGHz_Phy/App/subghz_phy_app.c:447:13:OnRxDone	120	static
/home/enis/workSpace/IQ-Yazilim/MusteriyeGonderilenKod_v00/IQ_Project-main_Ase8bZz/IQ_Project-main/Gateway_v0.1/SubGHz_Phy_PingPong/SubGHz_Phy/App/subghz_phy_app.c:554:13:OnledEvent	8	static
/home/enis/workSpace/IQ-Yazilim/MusteriyeGonderilenKod_v00/IQ_Project-main_Ase8bZz/IQ_Project-main/Gateway_v0.1/SubGHz_Phy_PingPong/SubGHz_Phy/App/subghz_phy_app.c:1168:13:SendConfigToNodes	40	static
/home/enis/workSpace/IQ-Yazilim/MusteriyeGonderilenKod_v00/IQ_Project-main_Ase8bZz/IQ_Project-main/Gateway_v0.1/SubGHz_Phy_PingPong/SubGHz_Phy/App/subghz_phy_app.c:738:13:ConfigBroadcastHandler	8	static
/home/enis/workSpace/IQ-Yazilim/MusteriyeGonderilenKod_v00/IQ_Project-main_Ase8bZz/IQ_Project-main/Gateway_v0.1/SubGHz_Phy_PingPong/SubGHz_Phy/App/subghz_phy_app.c:1268:16:CheckAllNodesUpdated	16	static
/home/enis/workSpace/IQ-Yazilim/MusteriyeGonderilenKod_v00/IQ_Project-main_Ase8bZz/IQ_Project-main/Gateway_v0.1/SubGHz_Phy_PingPong/SubGHz_Phy/App/subghz_phy_app.c:1301:13:ResetConfigTracker	8	static
/home/enis/workSpace/IQ-Yazilim/MusteriyeGonderilenKod_v00/IQ_Project-main_Ase8bZz/IQ_Project-main/Gateway_v0.1/SubGHz_Phy_PingPong/SubGHz_Phy/App/subghz_phy_app.c:1214:13:InitializeNodeConfigTracker	8	static
/home/enis/workSpace/IQ-Yazilim/MusteriyeGonderilenKod_v00/IQ_Project-main_Ase8bZz/IQ_Project-main/Gateway_v0.1/SubGHz_Phy_PingPong/SubGHz_Phy/App/subghz_phy_app.c:42:13:SUBGHZ_DebugPrint	16	static
/home/enis/workSpace/IQ-Yazilim/MusteriyeGonderilenKod_v00/IQ_Project-main_Ase8bZz/IQ_Project-main/Gateway_v0.1/SubGHz_Phy_PingPong/SubGHz_Phy/App/subghz_phy_app.c:585:13:PingPong_Process	8	static
/home/enis/workSpace/IQ-Yazilim/MusteriyeGonderilenKod_v00/IQ_Project-main_Ase8bZz/IQ_Project-main/Gateway_v0.1/SubGHz_Phy_PingPong/SubGHz_Phy/App/subghz_phy_app.c:1011:13:UpdateGatewayBatchPeriod	24	static
/home/enis/workSpace/IQ-Yazilim/MusteriyeGonderilenKod_v00/IQ_Project-main_Ase8bZz/IQ_Project-main/Gateway_v0.1/SubGHz_Phy_PingPong/SubGHz_Phy/App/subghz_phy_app.c:1030:13:SendDataToBroker	120	static
/home/enis/workSpace/IQ-Yazilim/MusteriyeGonderilenKod_v00/IQ_Project-main_Ase8bZz/IQ_Project-main/Gateway_v0.1/SubGHz_Phy_PingPong/SubGHz_Phy/App/subghz_phy_app.c:305:6:SubghzApp_Init	72	static
/home/enis/workSpace/IQ-Yazilim/MusteriyeGonderilenKod_v00/IQ_Project-main_Ase8bZz/IQ_Project-main/Gateway_v0.1/SubGHz_Phy_PingPong/SubGHz_Phy/App/subghz_phy_app.c:396:6:StartLoRaGateway	24	static
/home/enis/workSpace/IQ-Yazilim/MusteriyeGonderilenKod_v00/IQ_Project-main_Ase8bZz/IQ_Project-main/Gateway_v0.1/SubGHz_Phy_PingPong/SubGHz_Phy/App/subghz_phy_app.c:831:6:ParseConfigMessage	104	static
/home/enis/workSpace/IQ-Yazilim/MusteriyeGonderilenKod_v00/IQ_Project-main_Ase8bZz/IQ_Project-main/Gateway_v0.1/SubGHz_Phy_PingPong/SubGHz_Phy/App/subghz_phy_app.c:751:13:CheckBrokerConfig	536	static
/home/enis/workSpace/IQ-Yazilim/MusteriyeGonderilenKod_v00/IQ_Project-main_Ase8bZz/IQ_Project-main/Gateway_v0.1/SubGHz_Phy_PingPong/SubGHz_Phy/App/subghz_phy_app.c:634:13:GatewayPhaseHandler	16	static
