../Application/User/Core/lis2de12.c:232:9:is_accelerometer_detected_moved	0	static
../Application/User/Core/lis2de12.c:250:6:get_accelerometer_irq1_state	0	static
../Application/User/Core/lis2de12.c:292:9:acc_get_raw_x	8	static
../Application/User/Core/lis2de12.c:294:9:acc_get_raw_y	8	static
../Application/User/Core/lis2de12.c:296:9:acc_get_raw_z	8	static
../Application/User/Core/lis2de12.c:359:9:lis2de12_from_fs2_to_mg	8	static
../Application/User/Core/lis2de12.c:361:9:lis2de12_from_fs4_to_mg	8	static
../Application/User/Core/lis2de12.c:363:9:lis2de12_from_fs8_to_mg	8	static
../Application/User/Core/lis2de12.c:365:9:lis2de12_from_fs16_to_mg	8	static
../Application/User/Core/lis2de12.c:367:9:lis2de12_from_lsb_to_celsius	8	static
../Application/User/Core/lis2de12.c:2541:6:lis2de12_int1_irq_handler	0	static
../Application/User/Core/lis2de12.c:2545:9:hal_i2c_read_buffer	24	static
../Application/User/Core/lis2de12.c:324:9:lis2de12_read_reg	16	static
../Application/User/Core/lis2de12.c:389:9:lis2de12_temp_status_reg_get	8	static
../Application/User/Core/lis2de12.c:403:9:lis2de12_temp_data_ready_get	16	static
../Application/User/Core/lis2de12.c:421:9:lis2de12_temp_data_ovr_get	16	static
../Application/User/Core/lis2de12.c:439:9:lis2de12_temperature_raw_get	16	static
../Application/User/Core/lis2de12.c:298:9:acc_get_temperature	16	static
../Application/User/Core/lis2de12.c:482:9:lis2de12_temperature_meas_get	16	static
../Application/User/Core/lis2de12.c:534:9:lis2de12_data_rate_get	16	static
../Application/User/Core/lis2de12.c:611:9:lis2de12_high_pass_on_outputs_get	16	static
../Application/User/Core/lis2de12.c:664:9:lis2de12_high_pass_bandwidth_get	16	static
../Application/User/Core/lis2de12.c:721:9:lis2de12_high_pass_mode_get	16	static
../Application/User/Core/lis2de12.c:778:9:lis2de12_full_scale_get	16	static
../Application/User/Core/lis2de12.c:839:9:lis2de12_block_data_update_get	16	static
../Application/User/Core/lis2de12.c:875:9:lis2de12_filter_reference_get	8	static
../Application/User/Core/lis2de12.c:889:9:lis2de12_xl_data_ready_get	16	static
../Application/User/Core/lis2de12.c:907:9:lis2de12_xl_data_ovr_get	16	static
../Application/User/Core/lis2de12.c:925:9:lis2de12_acceleration_raw_get	8	static
../Application/User/Core/lis2de12.c:940:9:lis2de12_acceleration_raw_get_x	8	static
../Application/User/Core/lis2de12.c:955:9:lis2de12_acceleration_raw_get_y	8	static
../Application/User/Core/lis2de12.c:970:9:lis2de12_acceleration_raw_get_z	8	static
../Application/User/Core/lis2de12.c:265:6:acc_read_raw_data	24	static
../Application/User/Core/lis2de12.c:996:9:lis2de12_device_id_get	8	static
../Application/User/Core/lis2de12.c:1032:9:lis2de12_self_test_get	16	static
../Application/User/Core/lis2de12.c:1086:9:lis2de12_boot_get	16	static
../Application/User/Core/lis2de12.c:1105:9:lis2de12_status_get	8	static
../Application/User/Core/lis2de12.c:1147:9:lis2de12_int1_gen_conf_get	8	static
../Application/User/Core/lis2de12.c:1162:9:lis2de12_int1_gen_source_get	8	static
../Application/User/Core/lis2de12.c:1202:9:lis2de12_int1_gen_threshold_get	16	static
../Application/User/Core/lis2de12.c:1245:9:lis2de12_int1_gen_duration_get	16	static
../Application/User/Core/lis2de12.c:1292:9:lis2de12_int2_gen_conf_get	8	static
../Application/User/Core/lis2de12.c:1306:9:lis2de12_int2_gen_source_get	8	static
../Application/User/Core/lis2de12.c:1346:9:lis2de12_int2_gen_threshold_get	16	static
../Application/User/Core/lis2de12.c:1389:9:lis2de12_int2_gen_duration_get	16	static
../Application/User/Core/lis2de12.c:1442:9:lis2de12_high_pass_int_conf_get	16	static
../Application/User/Core/lis2de12.c:1504:9:lis2de12_pin_int1_config_get	8	static
../Application/User/Core/lis2de12.c:1543:9:lis2de12_int2_pin_detect_4d_get	16	static
../Application/User/Core/lis2de12.c:1588:9:lis2de12_int2_pin_notification_mode_get	16	static
../Application/User/Core/lis2de12.c:1641:9:lis2de12_int1_pin_detect_4d_get	16	static
../Application/User/Core/lis2de12.c:1684:9:lis2de12_int1_pin_notification_mode_get	16	static
../Application/User/Core/lis2de12.c:1728:9:lis2de12_pin_int2_config_get	8	static
../Application/User/Core/lis2de12.c:1776:9:lis2de12_fifo_get	16	static
../Application/User/Core/lis2de12.c:1817:9:lis2de12_fifo_watermark_get	16	static
../Application/User/Core/lis2de12.c:1858:9:lis2de12_fifo_trigger_event_get	16	static
../Application/User/Core/lis2de12.c:1909:9:lis2de12_fifo_mode_get	16	static
../Application/User/Core/lis2de12.c:1944:9:lis2de12_fifo_status_get	8	static
../Application/User/Core/lis2de12.c:1958:9:lis2de12_fifo_data_level_get	16	static
../Application/User/Core/lis2de12.c:1976:9:lis2de12_fifo_empty_flag_get	16	static
../Application/User/Core/lis2de12.c:1994:9:lis2de12_fifo_ovr_flag_get	16	static
../Application/User/Core/lis2de12.c:2012:9:lis2de12_fifo_fth_flag_get	16	static
../Application/User/Core/lis2de12.c:2058:9:lis2de12_tap_conf_get	8	static
../Application/User/Core/lis2de12.c:2072:9:lis2de12_tap_source_get	8	static
../Application/User/Core/lis2de12.c:252:9:is_accelerometer_double_tap_detected	16	static
../Application/User/Core/lis2de12.c:2110:9:lis2de12_tap_threshold_get	16	static
../Application/User/Core/lis2de12.c:2157:9:lis2de12_tap_notification_mode_get	16	static
../Application/User/Core/lis2de12.c:2212:9:lis2de12_shock_dur_get	16	static
../Application/User/Core/lis2de12.c:2259:9:lis2de12_quiet_dur_get	16	static
../Application/User/Core/lis2de12.c:2306:9:lis2de12_double_tap_timeout_get	16	static
../Application/User/Core/lis2de12.c:2364:9:lis2de12_act_threshold_get	16	static
../Application/User/Core/lis2de12.c:2407:9:lis2de12_act_timeout_get	16	static
../Application/User/Core/lis2de12.c:2461:9:lis2de12_pin_sdo_sa0_mode_get	16	static
../Application/User/Core/lis2de12.c:2512:9:lis2de12_spi_mode_get	16	static
../Application/User/Core/lis2de12.c:2552:9:hal_i2c_write_buffer	24	static
../Application/User/Core/lis2de12.c:340:9:lis2de12_write_reg	16	static
../Application/User/Core/lis2de12.c:460:9:lis2de12_temperature_meas_set	16	static
../Application/User/Core/lis2de12.c:511:9:lis2de12_data_rate_set	16	static
../Application/User/Core/lis2de12.c:588:9:lis2de12_high_pass_on_outputs_set	16	static
../Application/User/Core/lis2de12.c:636:9:lis2de12_high_pass_bandwidth_set	16	static
../Application/User/Core/lis2de12.c:699:9:lis2de12_high_pass_mode_set	16	static
../Application/User/Core/lis2de12.c:756:9:lis2de12_full_scale_set	16	static
../Application/User/Core/lis2de12.c:817:9:lis2de12_block_data_update_set	16	static
../Application/User/Core/lis2de12.c:92:6:initLIS2DE12_temperature	8	static
../Application/User/Core/lis2de12.c:859:9:lis2de12_filter_reference_set	8	static
../Application/User/Core/lis2de12.c:1010:9:lis2de12_self_test_set	16	static
../Application/User/Core/lis2de12.c:1064:9:lis2de12_boot_set	16	static
../Application/User/Core/lis2de12.c:1132:9:lis2de12_int1_gen_conf_set	8	static
../Application/User/Core/lis2de12.c:1178:9:lis2de12_int1_gen_threshold_set	16	static
../Application/User/Core/lis2de12.c:1222:9:lis2de12_int1_gen_duration_set	16	static
../Application/User/Core/lis2de12.c:1277:9:lis2de12_int2_gen_conf_set	8	static
../Application/User/Core/lis2de12.c:1322:9:lis2de12_int2_gen_threshold_set	16	static
../Application/User/Core/lis2de12.c:1366:9:lis2de12_int2_gen_duration_set	16	static
../Application/User/Core/lis2de12.c:1420:9:lis2de12_high_pass_int_conf_set	16	static
../Application/User/Core/lis2de12.c:1489:9:lis2de12_pin_int1_config_set	8	static
../Application/User/Core/lis2de12.c:1520:9:lis2de12_int2_pin_detect_4d_set	16	static
../Application/User/Core/lis2de12.c:1564:9:lis2de12_int2_pin_notification_mode_set	16	static
../Application/User/Core/lis2de12.c:1618:9:lis2de12_int1_pin_detect_4d_set	16	static
../Application/User/Core/lis2de12.c:111:9:accelerometer_init	32	static
../Application/User/Core/lis2de12.c:1661:9:lis2de12_int1_pin_notification_mode_set	16	static
../Application/User/Core/lis2de12.c:1713:9:lis2de12_pin_int2_config_set	8	static
../Application/User/Core/lis2de12.c:1754:9:lis2de12_fifo_set	16	static
../Application/User/Core/lis2de12.c:1795:9:lis2de12_fifo_watermark_set	16	static
../Application/User/Core/lis2de12.c:1836:9:lis2de12_fifo_trigger_event_set	16	static
../Application/User/Core/lis2de12.c:1887:9:lis2de12_fifo_mode_set	16	static
../Application/User/Core/lis2de12.c:2043:9:lis2de12_tap_conf_set	8	static
../Application/User/Core/lis2de12.c:2087:9:lis2de12_tap_threshold_set	16	static
../Application/User/Core/lis2de12.c:2132:9:lis2de12_tap_notification_mode_set	16	static
../Application/User/Core/lis2de12.c:2188:9:lis2de12_shock_dur_set	16	static
../Application/User/Core/lis2de12.c:2234:9:lis2de12_quiet_dur_set	16	static
../Application/User/Core/lis2de12.c:2281:9:lis2de12_double_tap_timeout_set	16	static
../Application/User/Core/lis2de12.c:2340:9:lis2de12_act_threshold_set	16	static
../Application/User/Core/lis2de12.c:2384:9:lis2de12_act_timeout_set	16	static
../Application/User/Core/lis2de12.c:2439:9:lis2de12_pin_sdo_sa0_mode_set	16	static
../Application/User/Core/lis2de12.c:2490:9:lis2de12_spi_mode_set	16	static
