/home/enis/workSpace/IQ-Yazilim/MusteriyeGonderilenKod_v00/IQ_Project-main_Ase8bZz/IQ_Project-main/Gateway_v0.1/SubGHz_Phy_PingPong/Core/Src/main.c:214:6:Custom_Delay_ms	8	static,ignoring_inline_asm
/home/enis/workSpace/IQ-Yazilim/MusteriyeGonderilenKod_v00/IQ_Project-main_Ase8bZz/IQ_Project-main/Gateway_v0.1/SubGHz_Phy_PingPong/Core/Src/main.c:231:6:Error_Handler	0	static,ignoring_inline_asm
/home/enis/workSpace/IQ-Yazilim/MusteriyeGonderilenKod_v00/IQ_Project-main_Ase8bZz/IQ_Project-main/Gateway_v0.1/SubGHz_Phy_PingPong/Core/Src/main.c:168:6:SystemClock_Config	112	static
/home/enis/workSpace/IQ-Yazilim/MusteriyeGonderilenKod_v00/IQ_Project-main_Ase8bZz/IQ_Project-main/Gateway_v0.1/SubGHz_Phy_PingPong/Core/Src/main.c:77:5:main	152	static
