../Application/User/Core/myESP32AT.c:1629:13:HTTP_DebugPrint	16	static
../Application/User/Core/myESP32AT.c:616:21:Wifi_CheckResponse	8	static
../Application/User/Core/myESP32AT.c:639:6:parse_wifi_info	32	static
../Application/User/Core/myESP32AT.c:924:19:Wifi_SendCommand	8	static
../Application/User/Core/myESP32AT.c:934:21:UART_CheckResponse	0	static
../Application/User/Core/myESP32AT.c:594:19:Wifi_Receive	24	static
../Application/User/Core/myESP32AT.c:488:20:Wifi_Reset2	24	static
../Application/User/Core/myESP32AT.c:525:20:Wifi_SetWifiMode2	32	static
../Application/User/Core/myESP32AT.c:560:20:Wifi_StartSmartConfig2	16	static
../Application/User/Core/myESP32AT.c:651:20:Wifi_StopSmartConfig2	16	static
../Application/User/Core/myESP32AT.c:683:20:Wifi_QAP2	16	static
../Application/User/Core/myESP32AT.c:716:20:Wifi_SetAP2	80	static
../Application/User/Core/myESP32AT.c:752:20:Wifi_SetTime2	72	static
../Application/User/Core/myESP32AT.c:787:20:Wifi_MqttUserConfig2	104	static
../Application/User/Core/myESP32AT.c:823:20:Wifi_MqttConnConfig2	104	static
../Application/User/Core/myESP32AT.c:858:20:Wifi_MqttConn2	128	static
../Application/User/Core/myESP32AT.c:892:20:Wifi_GetMqttConn2	24	static
../Application/User/Core/myESP32AT.c:62:18:MQTT_Init	24	static
../Application/User/Core/myESP32AT.c:955:20:Wifi_MqttSub2	128	static
../Application/User/Core/myESP32AT.c:1029:20:Wifi_MqttPub2	232	static
../Application/User/Core/myESP32AT.c:991:6:Wifi_MqttPubInit	168	static
../Application/User/Core/myESP32AT.c:1070:19:Wifi_SendCommand2	16	static
../Application/User/Core/myESP32AT.c:1087:20:Wifi_MqttPubRaw2	272	static
../Application/User/Core/myESP32AT.c:1214:6:UART_MqttCallbackPacketCapture	16	static
../Application/User/Core/myESP32AT.c:1287:20:Wifi_MqttSubInit	16	static
../Application/User/Core/myESP32AT.c:1456:6:charToInt	16	static
../Application/User/Core/myESP32AT.c:1335:6:UART_MqttSubRecvParser	24	static
../Application/User/Core/myESP32AT.c:1318:6:UART_MqttPacketParser	16	static
../Application/User/Core/myESP32AT.c:1527:20:Wifi_GetMAC	16	static
../Application/User/Core/myESP32AT.c:1489:6:getUniqueID3	16	static
../Application/User/Core/myESP32AT.c:1561:6:Wifi_WaitMqttData	8	static,ignoring_inline_asm
../Application/User/Core/myESP32AT.c:1597:6:LED_MqttTXBlink	8	static
../Application/User/Core/myESP32AT.c:1603:6:LED_MqttRXBlink	8	static
../Application/User/Core/myESP32AT.c:1609:6:LED_Mqttconnected	8	static
../Application/User/Core/myESP32AT.c:1641:20:Wifi_HttpGetContentLength	1616	static
../Application/User/Core/myESP32AT.c:1695:20:Wifi_HttpGet	600	static
