../../Drivers/CMSIS/Include/core_cm4.h:1933:34:__NVIC_SystemReset	0	static,ignoring_inline_asm
../Application/User/Core/ota_manager.c:12:13:OTA_DebugPrint	16	static
../Application/User/Core/ota_manager.c:184:16:OTA_DownloadFirmware	272	static
../Application/User/Core/ota_manager.c:204:16:OTA_VerifyFirmware	8	static
../Application/User/Core/ota_manager.c:219:16:OTA_FlashFirmware	8	static
../Application/User/Core/ota_manager.c:56:6:OTA_Init	16	static
../Application/User/Core/ota_manager.c:70:9:OTA_Start	96	static
../Application/User/Core/ota_manager.c:97:9:OTA_IsActive	0	static
../Application/User/Core/ota_manager.c:104:6:OTA_Complete	16	static
../Application/User/Core/ota_manager.c:137:13:OTA_ProcessCallback	96	static
../Application/User/Core/ota_manager.c:122:13:OTA_GetStatus	0	static
