../Application/User/Core/sht4x_i2c.c:46:16:convert_ticks_to_celsius	0	static
../Application/User/Core/sht4x_i2c.c:50:16:convert_ticks_to_percent_rh	0	static
../Application/User/Core/sht4x_i2c.c:54:9:sht4x_measure_high_precision_ticks	24	static
../Application/User/Core/sht4x_i2c.c:77:9:sht4x_measure_high_precision	24	static
../Application/User/Core/sht4x_i2c.c:92:9:sht4x_measure_medium_precision_ticks	24	static
../Application/User/Core/sht4x_i2c.c:115:9:sht4x_measure_medium_precision	24	static
../Application/User/Core/sht4x_i2c.c:131:9:sht4x_measure_lowest_precision_ticks	24	static
../Application/User/Core/sht4x_i2c.c:154:9:sht4x_measure_lowest_precision	24	static
../Application/User/Core/sht4x_i2c.c:171:1:sht4x_activate_highest_heater_power_long_ticks	24	static
../Application/User/Core/sht4x_i2c.c:194:9:sht4x_activate_highest_heater_power_long	24	static
../Application/User/Core/sht4x_i2c.c:211:1:sht4x_activate_highest_heater_power_short_ticks	24	static
../Application/User/Core/sht4x_i2c.c:234:9:sht4x_activate_highest_heater_power_short	24	static
../Application/User/Core/sht4x_i2c.c:251:1:sht4x_activate_medium_heater_power_long_ticks	24	static
../Application/User/Core/sht4x_i2c.c:274:9:sht4x_activate_medium_heater_power_long	24	static
../Application/User/Core/sht4x_i2c.c:291:1:sht4x_activate_medium_heater_power_short_ticks	24	static
../Application/User/Core/sht4x_i2c.c:314:9:sht4x_activate_medium_heater_power_short	24	static
../Application/User/Core/sht4x_i2c.c:331:1:sht4x_activate_lowest_heater_power_long_ticks	24	static
../Application/User/Core/sht4x_i2c.c:354:9:sht4x_activate_lowest_heater_power_long	24	static
../Application/User/Core/sht4x_i2c.c:371:1:sht4x_activate_lowest_heater_power_short_ticks	24	static
../Application/User/Core/sht4x_i2c.c:394:9:sht4x_activate_lowest_heater_power_short	24	static
../Application/User/Core/sht4x_i2c.c:410:9:sht4x_serial_number	24	static
../Application/User/Core/sht4x_i2c.c:431:9:sht4x_soft_reset	16	static
