/home/enis/workSpace/IQ-Yazilim/MusteriyeGonderilenKod_v00/IQ_Project-main_Ase8bZz/IQ_Project-main/Gateway_v0.1/SubGHz_Phy_PingPong/Core/Src/usart.c:33:6:MX_LPUART1_UART_Init	8	static
/home/enis/workSpace/IQ-Yazilim/MusteriyeGonderilenKod_v00/IQ_Project-main_Ase8bZz/IQ_Project-main/Gateway_v0.1/SubGHz_Phy_PingPong/Core/Src/usart.c:77:6:MX_USART2_UART_Init	8	static
/home/enis/workSpace/IQ-Yazilim/MusteriyeGonderilenKod_v00/IQ_Project-main_Ase8bZz/IQ_Project-main/Gateway_v0.1/SubGHz_Phy_PingPong/Core/Src/usart.c:120:6:HAL_UART_MspInit	112	static
/home/enis/workSpace/IQ-Yazilim/MusteriyeGonderilenKod_v00/IQ_Project-main_Ase8bZz/IQ_Project-main/Gateway_v0.1/SubGHz_Phy_PingPong/Core/Src/usart.c:224:6:HAL_UART_MspDeInit	8	static
